// Jest Snapshot v1, https://goo.gl/fbAQLP

exports[`renders as an anchor when no page is set 1`] = `
<a
  className="normal"
  href="www.face.com"
  onMouseEnter={[Function]}
  onMouseLeave={[Function]}
>
  Facebook
</a>
`;
